C:\서현\프로젝트\companyGame\ArtSource\ConvenienceInterior\build_interior.py:22: DeprecationWarning: 'Material.use_nodes' is expected to be removed in Blender 6.0
  m=bpy.data.materials.new(name);m.use_nodes=True;m.diffuse_color=(*rgb,alpha)
C:\서현\프로젝트\companyGame\ArtSource\ConvenienceInterior\build_interior.py:371: DeprecationWarning: 'World.use_nodes' is expected to be removed in Blender 6.0
  sc.world.use_nodes=True;sc.world.node_tree.nodes['Background'].inputs[0].default_value=(.58,.69,.78,1);sc.world.node_tree.nodes['Background'].inputs[1].default_value=.28
{'meshParts': 113, 'triangles': 490548, 'materials': 22, 'colliders': 35, 'dimensionsMetres': [9, 10, 3.3], 'entryWidth': 1.8}
00:17.359  image.write      | ERROR OpenImageIO write failed: Could not open file "C:\Users\usercom\.thumbnails\large\blender_51476_02b663233b252050c967da52af3832c8.png.png"
정보: 저장함: "ConvenienceStoreInterior.blend"임
INFO Draco is available, use library at C:\Program Files\Blender Foundation\Blender 5.2\5.2\scripts\addons_core\io_scene_gltf2\bf_intern_draco_bridge.dll
INFO MeshOptimizer is available, use library at C:\Program Files\Blender Foundation\Blender 5.2\5.2\scripts\addons_core\io_scene_gltf2\bf_intern_meshopt_bridge.dll
19:10:07 | INFO: Starting glTF 2.0 export
19:10:07 | INFO: Extracting primitive: 01_Architecture_Charcoal
19:10:07 | INFO: Primitives created: 1
19:10:07 | INFO: Extracting primitive: 01_Architecture_Green
19:10:07 | INFO: Primitives created: 1
19:10:07 | INFO: Extracting primitive: 01_Architecture_Grout
19:10:07 | INFO: Primitives created: 1
19:10:07 | INFO: Extracting primitive: 01_Architecture_Ivory
19:10:07 | INFO: Primitives created: 1
19:10:07 | INFO: Extracting primitive: 01_Architecture_Orange
19:10:07 | INFO: Primitives created: 1
19:10:07 | INFO: Extracting primitive: 01_Architecture_Porcelain
19:10:07 | INFO: Primitives created: 1
19:10:07 | INFO: Extracting primitive: 02_Glass_Storefront_Charcoal
19:10:07 | INFO: Primitives created: 1
19:10:07 | INFO: Extracting primitive: 02_Glass_Storefront_Glass
19:10:07 | INFO: Primitives created: 1
19:10:07 | INFO: Extracting primitive: 02_Glass_Storefront_Green
19:10:07 | INFO: Primitives created: 1
19:10:07 | INFO: Extracting primitive: 02_Glass_Storefront_Ivory
19:10:07 | INFO: Primitives created: 1
19:10:07 | INFO: Extracting primitive: 02_Glass_Storefront_Orange
19:10:07 | INFO: Primitives created: 1
19:10:07 | INFO: Extracting primitive: 02_Glass_Storefront_Signs
19:10:07 | INFO: Primitives created: 1
19:10:07 | INFO: Extracting primitive: 02_Glass_Storefront_Steel
19:10:07 | INFO: Primitives created: 1
19:10:07 | INFO: Extracting primitive: 03_Checkout_Blue
19:10:07 | INFO: Primitives created: 1
19:10:07 | INFO: Extracting primitive: 03_Checkout_Charcoal
19:10:07 | INFO: Primitives created: 1
19:10:07 | INFO: Extracting primitive: 03_Checkout_Cream
19:10:07 | INFO: Primitives created: 1
19:10:07 | INFO: Extracting primitive: 03_Checkout_DeepGreen
19:10:07 | INFO: Primitives created: 1
19:10:07 | INFO: Extracting primitive: 03_Checkout_Glass
19:10:07 | INFO: Primitives created: 1
19:10:07 | INFO: Extracting primitive: 03_Checkout_Ivory
19:10:07 | INFO: Primitives created: 1
19:10:07 | INFO: Extracting primitive: 03_Checkout_Oak
19:10:07 | INFO: Primitives created: 1
19:10:07 | INFO: Extracting primitive: 03_Checkout_Orange
19:10:07 | INFO: Primitives created: 1
19:10:07 | INFO: Extracting primitive: 03_Checkout_Screen
19:10:07 | INFO: Primitives created: 1
19:10:07 | INFO: Extracting primitive: 03_Checkout_Signs
19:10:07 | INFO: Primitives created: 1
19:10:07 | INFO: Extracting primitive: 03_Checkout_Steel
19:10:07 | INFO: Primitives created: 1
19:10:07 | INFO: Extracting primitive: 04_BackCounter_Cream
19:10:07 | INFO: Primitives created: 1
19:10:07 | INFO: Extracting primitive: 04_BackCounter_Ivory
19:10:07 | INFO: Primitives created: 1
19:10:07 | INFO: Extracting primitive: 04_BackCounter_Products
19:10:07 | INFO: Primitives created: 1
19:10:07 | INFO: Extracting primitive: 04_BackCounter_Steel
19:10:07 | INFO: Primitives created: 1
19:10:07 | INFO: Extracting primitive: 05_Hanging_Menu_Charcoal
19:10:07 | INFO: Primitives created: 1
19:10:07 | INFO: Extracting primitive: 05_Hanging_Menu_Signs
19:10:07 | INFO: Primitives created: 1
19:10:07 | INFO: Extracting primitive: 05_Hanging_Menu_Steel
19:10:07 | INFO: Primitives created: 1
19:10:07 | INFO: Extracting primitive: 06_Snack_Gondola_Charcoal
19:10:07 | INFO: Primitives created: 1
19:10:07 | INFO: Extracting primitive: 06_Snack_Gondola_Cream
19:10:07 | INFO: Primitives created: 1
19:10:07 | INFO: Extracting primitive: 06_Snack_Gondola_Ivory
19:10:07 | INFO: Primitives created: 1
19:10:07 | INFO: Extracting primitive: 06_Snack_Gondola_Products
19:10:07 | INFO: Primitives created: 1
19:10:07 | INFO: Extracting primitive: 06_Snack_Gondola_Red
19:10:07 | INFO: Primitives created: 1
19:10:07 | INFO: Extracting primitive: 06_Snack_Gondola_Signs
19:10:07 | INFO: Primitives created: 1
19:10:07 | INFO: Extracting primitive: 06_Snack_Gondola_Steel
19:10:07 | INFO: Primitives created: 1
19:10:07 | INFO: Extracting primitive: 06_Snack_Gondola_Yellow
19:10:07 | INFO: Primitives created: 1
19:10:07 | INFO: Extracting primitive: 07_Grocery_Gondola_Charcoal
19:10:07 | INFO: Primitives created: 1
19:10:07 | INFO: Extracting primitive: 07_Grocery_Gondola_Cream
19:10:07 | INFO: Primitives created: 1
19:10:07 | INFO: Extracting primitive: 07_Grocery_Gondola_Ivory
19:10:07 | INFO: Primitives created: 1
19:10:07 | INFO: Extracting primitive: 07_Grocery_Gondola_Products
19:10:07 | INFO: Primitives created: 1
19:10:07 | INFO: Extracting primitive: 07_Grocery_Gondola_Red
19:10:07 | INFO: Primitives created: 1
19:10:07 | INFO: Extracting primitive: 07_Grocery_Gondola_Signs
19:10:07 | INFO: Primitives created: 1
19:10:07 | INFO: Extracting primitive: 07_Grocery_Gondola_Steel
19:10:07 | INFO: Primitives created: 1
19:10:07 | INFO: Extracting primitive: 07_Grocery_Gondola_Yellow
19:10:07 | INFO: Primitives created: 1
19:10:07 | INFO: Extracting primitive: 08_Back_Drink_Refrigerators_Blue
19:10:07 | INFO: Primitives created: 1
19:10:07 | INFO: Extracting primitive: 08_Back_Drink_Refrigerators_Charcoal
19:10:07 | INFO: Primitives created: 1
19:10:07 | INFO: Extracting primitive: 08_Back_Drink_Refrigerators_CoolLED
19:10:07 | INFO: Primitives created: 1
19:10:07 | INFO: Extracting primitive: 08_Back_Drink_Refrigerators_DeepGreen
19:10:07 | INFO: Primitives created: 1
19:10:07 | INFO: Extracting primitive: 08_Back_Drink_Refrigerators_Glass
19:10:07 | INFO: Primitives created: 1
19:10:07 | INFO: Extracting primitive: 08_Back_Drink_Refrigerators_Green
19:10:07 | INFO: Primitives created: 1
19:10:07 | INFO: Extracting primitive: 08_Back_Drink_Refrigerators_Ivory
19:10:07 | INFO: Primitives created: 1
19:10:07 | INFO: Extracting primitive: 08_Back_Drink_Refrigerators_Orange
19:10:07 | INFO: Primitives created: 1
19:10:07 | INFO: Extracting primitive: 08_Back_Drink_Refrigerators_Products
19:10:07 | INFO: Primitives created: 1
19:10:07 | INFO: Extracting primitive: 08_Back_Drink_Refrigerators_Signs
19:10:07 | INFO: Primitives created: 1
19:10:07 | INFO: Extracting primitive: 08_Back_Drink_Refrigerators_Steel
19:10:07 | INFO: Primitives created: 1
19:10:07 | INFO: Extracting primitive: 08_Back_Drink_Refrigerators_Water
19:10:07 | INFO: Primitives created: 1
19:10:07 | INFO: Extracting primitive: 09_Right_Drink_Refrigerators_Blue
19:10:07 | INFO: Primitives created: 1
19:10:07 | INFO: Extracting primitive: 09_Right_Drink_Refrigerators_Charcoal
19:10:07 | INFO: Primitives created: 1
19:10:07 | INFO: Extracting primitive: 09_Right_Drink_Refrigerators_CoolLED
19:10:07 | INFO: Primitives created: 1
19:10:07 | INFO: Extracting primitive: 09_Right_Drink_Refrigerators_DeepGreen
19:10:07 | INFO: Primitives created: 1
19:10:07 | INFO: Extracting primitive: 09_Right_Drink_Refrigerators_Glass
19:10:07 | INFO: Primitives created: 1
19:10:07 | INFO: Extracting primitive: 09_Right_Drink_Refrigerators_Green
19:10:07 | INFO: Primitives created: 1
19:10:07 | INFO: Extracting primitive: 09_Right_Drink_Refrigerators_Ivory
19:10:07 | INFO: Primitives created: 1
19:10:07 | INFO: Extracting primitive: 09_Right_Drink_Refrigerators_Orange
19:10:07 | INFO: Primitives created: 1
19:10:07 | INFO: Extracting primitive: 09_Right_Drink_Refrigerators_Products
19:10:07 | INFO: Primitives created: 1
19:10:07 | INFO: Extracting primitive: 09_Right_Drink_Refrigerators_Signs
19:10:07 | INFO: Primitives created: 1
19:10:07 | INFO: Extracting primitive: 09_Right_Drink_Refrigerators_Steel
19:10:07 | INFO: Primitives created: 1
19:10:07 | INFO: Extracting primitive: 09_Right_Drink_Refrigerators_Water
19:10:07 | INFO: Primitives created: 1
19:10:07 | INFO: Extracting primitive: 10_Ready_Meal_Case_Charcoal
19:10:07 | INFO: Primitives created: 1
19:10:07 | INFO: Extracting primitive: 10_Ready_Meal_Case_DeepGreen
19:10:07 | INFO: Primitives created: 1
19:10:07 | INFO: Extracting primitive: 10_Ready_Meal_Case_Ivory
19:10:07 | INFO: Primitives created: 1
19:10:07 | INFO: Extracting primitive: 10_Ready_Meal_Case_Products
19:10:07 | INFO: Primitives created: 1
19:10:07 | INFO: Extracting primitive: 10_Ready_Meal_Case_Signs
19:10:07 | INFO: Primitives created: 1
19:10:07 | INFO: Extracting primitive: 10_Ready_Meal_Case_Steel
19:10:07 | INFO: Primitives created: 1
19:10:07 | INFO: Extracting primitive: 11_IceCream_Freezer_Charcoal
19:10:07 | INFO: Primitives created: 1
19:10:07 | INFO: Extracting primitive: 11_IceCream_Freezer_Cream
19:10:07 | INFO: Primitives created: 1
19:10:07 | INFO: Extracting primitive: 11_IceCream_Freezer_Glass
19:10:07 | INFO: Primitives created: 1
19:10:07 | INFO: Extracting primitive: 11_IceCream_Freezer_Ivory
19:10:07 | INFO: Primitives created: 1
19:10:07 | INFO: Extracting primitive: 11_IceCream_Freezer_Products
19:10:07 | INFO: Primitives created: 1
19:10:07 | INFO: Extracting primitive: 11_IceCream_Freezer_Signs
19:10:07 | INFO: Primitives created: 1
19:10:07 | INFO: Extracting primitive: 11_IceCream_Freezer_Steel
19:10:07 | INFO: Primitives created: 1
19:10:07 | INFO: Extracting primitive: 12_Back_Ramen_Shelves_Charcoal
19:10:07 | INFO: Primitives created: 1
19:10:07 | INFO: Extracting primitive: 12_Back_Ramen_Shelves_Cream
19:10:07 | INFO: Primitives created: 1
19:10:07 | INFO: Extracting primitive: 12_Back_Ramen_Shelves_DeepGreen
19:10:07 | INFO: Primitives created: 1
19:10:07 | INFO: Extracting primitive: 12_Back_Ramen_Shelves_Ivory
19:10:07 | INFO: Primitives created: 1
19:10:07 | INFO: Extracting primitive: 12_Back_Ramen_Shelves_Products
19:10:07 | INFO: Primitives created: 1
19:10:07 | INFO: Extracting primitive: 12_Back_Ramen_Shelves_Red
19:10:07 | INFO: Primitives created: 1
19:10:07 | INFO: Extracting primitive: 12_Back_Ramen_Shelves_Signs
19:10:07 | INFO: Primitives created: 1
19:10:07 | INFO: Extracting primitive: 12_Back_Ramen_Shelves_Yellow
19:10:07 | INFO: Primitives created: 1
19:10:07 | INFO: Extracting primitive: 13_Staff_Door_Ceiling
19:10:07 | INFO: Primitives created: 1
19:10:07 | INFO: Extracting primitive: 13_Staff_Door_Charcoal
19:10:07 | INFO: Primitives created: 1
19:10:07 | INFO: Extracting primitive: 13_Staff_Door_Signs
19:10:07 | INFO: Primitives created: 1
19:10:07 | INFO: Extracting primitive: 13_Staff_Door_Steel
19:10:07 | INFO: Primitives created: 1
19:10:07 | INFO: Extracting primitive: 14_Window_Seating_Charcoal
19:10:07 | INFO: Primitives created: 1
19:10:07 | INFO: Extracting primitive: 14_Window_Seating_Lime
19:10:07 | INFO: Primitives created: 1
19:10:07 | INFO: Extracting primitive: 14_Window_Seating_Oak
19:10:07 | INFO: Primitives created: 1
19:10:07 | INFO: Extracting primitive: 14_Window_Seating_Steel
19:10:07 | INFO: Primitives created: 1
19:10:07 | INFO: Extracting primitive: 15_Entrance_Display_Ivory
19:10:07 | INFO: Primitives created: 1
19:10:07 | INFO: Extracting primitive: 15_Entrance_Display_Products
19:10:07 | INFO: Primitives created: 1
19:10:07 | INFO: Extracting primitive: 15_Entrance_Display_Signs
19:10:07 | INFO: Primitives created: 1
19:10:07 | INFO: Extracting primitive: 15_Entrance_Display_Water
19:10:07 | INFO: Primitives created: 1
19:10:07 | INFO: Extracting primitive: 16_Ceiling_Ceiling
19:10:07 | INFO: Primitives created: 1
19:10:07 | INFO: Extracting primitive: 16_Ceiling_Grout
19:10:07 | INFO: Primitives created: 1
19:10:07 | INFO: Extracting primitive: 17_Fluorescent_Fixtures_Ivory
19:10:07 | INFO: Primitives created: 1
19:10:07 | INFO: Extracting primitive: 17_Fluorescent_Fixtures_WhiteLED
19:10:07 | INFO: Primitives created: 1
19:10:07 | INFO: Extracting primitive: 18_Cassette_AC_Charcoal
19:10:07 | INFO: Primitives created: 1
19:10:07 | INFO: Extracting primitive: 18_Cassette_AC_Ivory
19:10:07 | INFO: Primitives created: 1
19:10:07 | INFO: Extracting primitive: 18_Cassette_AC_Steel
19:10:07 | INFO: Primitives created: 1
19:10:07 | INFO: Extracting primitive: 19_Security_Cameras_Charcoal
19:10:07 | INFO: Primitives created: 1
19:10:07 | INFO: Extracting primitive: 19_Security_Cameras_Ivory
19:10:07 | INFO: Primitives created: 1
19:10:07 | INFO: Finished glTF 2.0 export in 0.5525224208831787 s
01:29.500  render           | Saved: 'C:\서현\프로젝트\companyGame\ArtSource\ConvenienceInterior\Previews\01_Entrance.png'
02:41.015  render           | Saved: 'C:\서현\프로젝트\companyGame\ArtSource\ConvenienceInterior\Previews\02_Reverse.png'
02:53.953  render           | Saved: 'C:\서현\프로젝트\companyGame\ArtSource\ConvenienceInterior\Previews\03_Cutaway.png'

CONVENIENCE_INTERIOR_COMPLETE
Blender 5.2.1 LTS (hash 9e2066aef7ef built 2026-08-25 02:38:20)

Blender quit
